


CONSOLE

R version 4.1.0 (2021-05-18) -- "Camp Pontanezen"
Copyright (C) 2021 The R Foundation for Statistical Computing
Platform: x86_64-w64-mingw32/x64 (64-bit)

R is free software and comes with ABSOLUTELY NO WARRANTY.
You are welcome to redistribute it under certain conditions.
Type 'license()' or 'licence()' for distribution details.

R is a collaborative project with many contributors.
Type 'contributors()' for more information and
'citation()' on how to cite R or R packages in publications.

Type 'demo()' for some demos, 'help()' for on-line help, or
'help.start()' for an HTML browser interface to help.
Type 'q()' to quit R.

> install.packages("tidyverse")
WARNING: Rtools is required to build R packages but is not currently installed. Please download and install the appropriate version of Rtools before proceeding:

https://cran.rstudio.com/bin/windows/Rtools/
Installing package into ‘C:/Users/INCHARA/Documents/R/win-library/4.1’
(as ‘lib’ is unspecified)
trying URL 'https://cran.rstudio.com/bin/windows/contrib/4.1/tidyverse_1.3.1.zip'
Content type 'application/zip' length 430143 bytes (420 KB)
downloaded 420 KB

package ‘tidyverse’ successfully unpacked and MD5 sums checked

The downloaded binary packages are in
	C:\Users\INCHARA\AppData\Local\Temp\RtmpKQ9zfp\downloaded_packages
> library(tidyverse)
-- Attaching packages --------------------------------- tidyverse 1.3.1 --
v ggplot2 3.3.5     v purrr   0.3.4
v tibble  3.1.2     v dplyr   1.0.7
v tidyr   1.1.3     v stringr 1.4.0
v readr   1.4.0     v forcats 0.5.1
-- Conflicts ------------------------------------ tidyverse_conflicts() --
x dplyr::filter() masks stats::filter()
x dplyr::lag()    masks stats::lag()
> install.packages("caret")
WARNING: Rtools is required to build R packages but is not currently installed. Please download and install the appropriate version of Rtools before proceeding:

https://cran.rstudio.com/bin/windows/Rtools/
Installing package into ‘C:/Users/INCHARA/Documents/R/win-library/4.1’
(as ‘lib’ is unspecified)
trying URL 'https://cran.rstudio.com/bin/windows/contrib/4.1/caret_6.0-88.zip'
Content type 'application/zip' length 6295081 bytes (6.0 MB)
downloaded 6.0 MB

package ‘caret’ successfully unpacked and MD5 sums checked

The downloaded binary packages are in
	C:\Users\INCHARA\AppData\Local\Temp\RtmpKQ9zfp\downloaded_packages
> library(caret)
Loading required package: lattice

Attaching package: ‘caret’

The following object is masked from ‘package:purrr’:

    lift

> install.packages("RCurl")
WARNING: Rtools is required to build R packages but is not currently installed. Please download and install the appropriate version of Rtools before proceeding:

https://cran.rstudio.com/bin/windows/Rtools/
Installing package into ‘C:/Users/INCHARA/Documents/R/win-library/4.1’
(as ‘lib’ is unspecified)
trying URL 'https://cran.rstudio.com/bin/windows/contrib/4.1/RCurl_1.98-1.3.zip'
Content type 'application/zip' length 3072176 bytes (2.9 MB)
downloaded 2.9 MB

package ‘RCurl’ successfully unpacked and MD5 sums checked

The downloaded binary packages are in
	C:\Users\INCHARA\AppData\Local\Temp\RtmpKQ9zfp\downloaded_packages
> library(RCurl)

Attaching package: ‘RCurl’

The following object is masked from ‘package:tidyr’:

    complete

> install.packages("skimr")
WARNING: Rtools is required to build R packages but is not currently installed. Please download and install the appropriate version of Rtools before proceeding:

https://cran.rstudio.com/bin/windows/Rtools/
Installing package into ‘C:/Users/INCHARA/Documents/R/win-library/4.1’
(as ‘lib’ is unspecified)
trying URL 'https://cran.rstudio.com/bin/windows/contrib/4.1/skimr_2.1.3.zip'
Content type 'application/zip' length 1238251 bytes (1.2 MB)
downloaded 1.2 MB

package ‘skimr’ successfully unpacked and MD5 sums checked

The downloaded binary packages are in
	C:\Users\INCHARA\AppData\Local\Temp\RtmpKQ9zfp\downloaded_packages
> library(skimr)
> data <- read.csv("player_stats.csv")
> view(data)
> #dimenstion of dataset
> dim(data)
[1] 50 14
> #list the datatype of each attribute
> sapply(data,class)
     Player     Country        Team      Agents        Maps           K 
"character" "character" "character" "character"   "integer"   "integer" 
          D           A          KD         KDA     ACS.Map       K.Map 
  "integer"   "integer"   "numeric"   "numeric"   "integer"   "numeric" 
      D.Map       A.Map 
  "numeric"   "numeric" 
> #check wheather there is null value
> sum(is.na(data))
[1] 0
> #sumarize
> summary(data)
    Player            Country              Team          
 Length:50          Length:50          Length:50         
 Class :character   Class :character   Class :character  
 Mode  :character   Mode  :character   Mode  :character  
                                                         
                                                         
                                                         
    Agents               Maps            K                D         
 Length:50          Min.   : 4.0   Min.   : 35.00   Min.   : 61.00  
 Class :character   1st Qu.: 6.0   1st Qu.: 67.75   1st Qu.: 79.25  
 Mode  :character   Median : 7.5   Median :106.50   Median :108.50  
                    Mean   : 8.2   Mean   :122.04   Mean   :122.12  
                    3rd Qu.:10.0   3rd Qu.:157.25   3rd Qu.:146.00  
                    Max.   :16.0   Max.   :298.00   Max.   :270.00  
       A                KD              KDA           ACS.Map     
 Min.   : 10.00   Min.   :0.5000   Min.   :0.750   Min.   :122.0  
 1st Qu.: 25.25   1st Qu.:0.8450   1st Qu.:1.135   1st Qu.:170.2  
 Median : 37.00   Median :0.9750   Median :1.315   Median :190.5  
 Mean   : 44.34   Mean   :0.9612   Mean   :1.313   Mean   :194.3  
 3rd Qu.: 61.00   3rd Qu.:1.0975   3rd Qu.:1.498   3rd Qu.:217.2  
 Max.   :120.00   Max.   :1.4800   Max.   :1.870   Max.   :289.0  
     K.Map           D.Map           A.Map      
 Min.   : 7.00   Min.   :12.10   Min.   :2.100  
 1st Qu.:12.78   1st Qu.:13.62   1st Qu.:4.000  
 Median :14.30   Median :14.80   Median :5.400  
 Mean   :14.36   Mean   :14.90   Mean   :5.180  
 3rd Qu.:16.25   3rd Qu.:16.23   3rd Qu.:6.275  
 Max.   :22.80   Max.   :18.00   Max.   :8.100  
> #displaying detailed summary statistics
> skim(data)
-- Data Summary ------------------------
                           Values
Name                       data  
Number of rows             50    
Number of columns          14    
_______________________          
Column type frequency:           
  character                4     
  numeric                  10    
________________________         
Group variables            None  

-- Variable type: character ----------------------------------------------
# A tibble: 4 x 8
  skim_variable n_missing complete_rate   min   max empty n_unique
* <chr>             <int>         <dbl> <int> <int> <int>    <int>
1 Player                0             1     3     9     0       50
2 Country               0             1     5    14     0       13
3 Team                  0             1     6    14     0       10
4 Agents                0             1     8    31     0       41
  whitespace
*      <int>
1          0
2          0
3          0
4          0

-- Variable type: numeric ------------------------------------------------
# A tibble: 10 x 11
   skim_variable n_missing complete_rate    mean     sd     p0     p25
 * <chr>             <int>         <dbl>   <dbl>  <dbl>  <dbl>   <dbl>
 1 Maps                  0             1   8.2    3.43    4      6    
 2 K                     0             1 122.    64.7    35     67.8  
 3 D                     0             1 122.    52.7    61     79.2  
 4 A                     0             1  44.3   25.6    10     25.2  
 5 KD                    0             1   0.961  0.200   0.5    0.845
 6 KDA                   0             1   1.31   0.255   0.75   1.13 
 7 ACS.Map               0             1 194.    35.5   122    170.   
 8 K.Map                 0             1  14.4    3.11    7     12.8  
 9 D.Map                 0             1  14.9    1.49   12.1   13.6  
10 A.Map                 0             1   5.18   1.48    2.1    4    
       p50    p75   p100 hist 
 *   <dbl>  <dbl>  <dbl> <chr>
 1   7.5    10     16    ▇▁▆▁▂
 2 106.    157.   298    ▇▅▅▁▁
 3 108.    146    270    ▇▃▃▁▁
 4  37      61    120    ▇▅▅▁▁
 5   0.975   1.10   1.48 ▂▆▇▆▁
 6   1.32    1.50   1.87 ▂▇▇▆▃
 7 190.    217.   289    ▂▇▆▃▁
 8  14.3    16.2   22.8  ▂▃▇▃▁
 9  14.8    16.2   18    ▃▅▇▅▂
10   5.4     6.28   8.1  ▂▇▆▇▃
> #group data by index
> data %>%
+   dplyr::group_by(Index)%>%
+   skim()
> #group data by index
> data %>%
+   dplyr::group_by(Maps)%>%
+   skim()
-- Data Summary ------------------------
                           Values    
Name                       Piped data
Number of rows             50        
Number of columns          14        
_______________________              
Column type frequency:               
  character                4         
  numeric                  9         
________________________             
Group variables            Maps      

-- Variable type: character ----------------------------------------------
# A tibble: 28 x 9
   skim_variable  Maps n_missing complete_rate   min   max empty n_unique
 * <chr>         <int>     <int>         <dbl> <int> <int> <int>    <int>
 1 Player            4         0             1     4     8     0        5
 2 Player            5         0             1     3     6     0        5
 3 Player            6         0             1     3     9     0       15
 4 Player            9         0             1     4     7     0       10
 5 Player           10         0             1     5     7     0        5
 6 Player           11         0             1     4     7     0        5
 7 Player           16         0             1     4     7     0        5
 8 Country           4         0             1     5    11     0        2
 9 Country           5         0             1     6     6     0        1
10 Country           6         0             1     5     9     0        4
11 Country           9         0             1     6    14     0        5
12 Country          10         0             1     6    13     0        2
13 Country          11         0             1    11    11     0        1
14 Country          16         0             1     7    14     0        4
15 Team              4         0             1    13    13     0        1
16 Team              5         0             1    14    14     0        1
17 Team              6         0             1    11    12     0        3
18 Team              9         0             1     9    11     0        2
19 Team             10         0             1     8     8     0        1
20 Team             11         0             1    13    13     0        1
21 Team             16         0             1     6     6     0        1
22 Agents            4         0             1     8    27     0        5
23 Agents            5         0             1     8    27     0        5
24 Agents            6         0             1     8    29     0       14
25 Agents            9         0             1    16    27     0       10
26 Agents           10         0             1     8    22     0        5
27 Agents           11         0             1     8    31     0        5
28 Agents           16         0             1    16    29     0        5
   whitespace
 *      <int>
 1          0
 2          0
 3          0
 4          0
 5          0
 6          0
 7          0
 8          0
 9          0
10          0
11          0
12          0
13          0
14          0
15          0
16          0
17          0
18          0
19          0
20          0
21          0
22          0
23          0
24          0
25          0
26          0
27          0
28          0

-- Variable type: numeric ------------------------------------------------
# A tibble: 63 x 12
   skim_variable  Maps n_missing complete_rate    mean      sd     p0
 * <chr>         <int>     <int>         <dbl>   <dbl>   <dbl>  <dbl>
 1 K                 4         0             1  56.8    7.79    46   
 2 K                 5         0             1  50     16.6     35   
 3 K                 6         0             1  80.7   15.1     60   
 4 K                 9         0             1 148     30.8    104   
 5 K                10         0             1 165.    20.4    136   
 6 K                11         0             1 152.    13.7    137   
 7 K                16         0             1 259.    24.9    240   
 8 D                 4         0             1  67.4    4.16    61   
 9 D                 5         0             1  69.2    3.49    66   
10 D                 6         0             1  88.9    9.21    73   
11 D                 9         0             1 128      6.55   117   
12 D                10         0             1 166     11.5    146   
13 D                11         0             1 155.    10.8    142   
14 D                16         0             1 241.    22.9    206   
15 A                 4         0             1  18.2    6.76    10   
16 A                 5         0             1  19      3.81    15   
17 A                 6         0             1  29.7    7.96    13   
18 A                 9         0             1  57.1   11.0     32   
19 A                10         0             1  57.8   11.0     40   
20 A                11         0             1  47.2   15.6     30   
21 A                16         0             1  97.8   20.3     81   
22 KD                4         0             1   0.842  0.144    0.68
23 KD                5         0             1   0.716  0.226    0.5 
24 KD                6         0             1   0.905  0.153    0.62
25 KD                9         0             1   1.15   0.195    0.88
26 KD               10         0             1   0.99   0.133    0.8 
27 KD               11         0             1   0.982  0.144    0.82
28 KD               16         0             1   1.07   0.0647   1   
29 KDA               4         0             1   1.11   0.143    0.92
30 KDA               5         0             1   0.994  0.200    0.75
31 KDA               6         0             1   1.24   0.205    0.91
32 KDA               9         0             1   1.59   0.166    1.35
33 KDA              10         0             1   1.34   0.170    1.13
34 KDA              11         0             1   1.28   0.207    1.1 
35 KDA              16         0             1   1.49   0.157    1.33
36 ACS.Map           4         0             1 188.    25.5    148   
37 ACS.Map           5         0             1 169.    49.3    122   
38 ACS.Map           6         0             1 180.    31.0    139   
39 ACS.Map           9         0             1 216.    41.4    161   
40 ACS.Map          10         0             1 203.    24.3    176   
41 ACS.Map          11         0             1 197.    19.5    184   
42 ACS.Map          16         0             1 212.    28.7    190   
43 K.Map             4         0             1  14.2    1.95    11.5 
44 K.Map             5         0             1  10      3.32     7   
45 K.Map             6         0             1  13.4    2.49    10   
46 K.Map             9         0             1  16.4    3.41    11.5 
47 K.Map            10         0             1  16.5    2.04    13.6 
48 K.Map            11         0             1  13.7    1.26    12.4 
49 K.Map            16         0             1  16.2    1.55    15   
50 D.Map             4         0             1  16.8    1.06    15.2 
51 D.Map             5         0             1  13.8    0.699   13.2 
52 D.Map             6         0             1  14.8    1.53    12.1 
53 D.Map             9         0             1  14.2    0.717   13   
54 D.Map            10         0             1  16.6    1.15    14.6 
55 D.Map            11         0             1  14.1    0.971   12.9 
56 D.Map            16         0             1  15.0    1.43    12.8 
57 A.Map             4         0             1   4.52   1.67     2.5 
58 A.Map             5         0             1   3.8    0.762    3   
59 A.Map             6         0             1   4.91   1.33     2.1 
60 A.Map             9         0             1   6.31   1.23     3.5 
61 A.Map            10         0             1   5.78   1.10     4   
62 A.Map            11         0             1   4.26   1.43     2.7 
63 A.Map            16         0             1   6.08   1.30     5   
      p25    p50    p75   p100 hist 
 *  <dbl>  <dbl>  <dbl>  <dbl> <chr>
 1  51     62     62     63    ▂▂▁▁▇
 2  35     45     65     70    ▇▃▁▁▇
 3  70.5   81     88    109    ▆▅▇▁▅
 4 125.   147    168.   206    ▇▂▇▅▂
 5 158    161    184    185    ▃▁▇▁▇
 6 146    150    151    174    ▂▇▁▁▂
 7 241    247    270    298    ▇▁▂▁▂
 8  67     67     70     72    ▃▁▇▁▇
 9  67     69     69     75    ▇▇▁▁▃
10  80.5   92     97    100    ▃▅▃▅▇
11 123.   128    132.   139    ▂▇▅▇▂
12 168    169    173    174    ▂▁▁▂▇
13 146    158    163    167    ▇▁▁▃▇
14 241    241    246    270    ▃▁▇▃▃
15  15     16     23     27    ▃▇▁▃▃
16  17     17     22     24    ▃▇▁▃▃
17  25.5   28     34.5   46    ▂▇▅▇▂
18  54.2   56.5   63.2   73    ▂▁▇▆▃
19  56     61     63     69    ▃▁▃▇▃
20  36     43     62     65    ▇▃▁▁▇
21  83     85    120    120    ▇▁▁▁▅
22   0.72   0.86   0.92   1.03 ▇▁▃▃▃
23   0.52   0.65   0.93   0.98 ▇▃▁▁▇
24   0.81   0.88   1.00   1.15 ▂▇▇▆▆
25   1.01   1.17   1.26   1.48 ▇▂▇▅▂
26   0.9    1.06   1.09   1.1  ▂▂▁▁▇
27   0.92   0.92   1.06   1.19 ▃▇▁▃▃
28   1.02   1.09   1.1    1.16 ▇▁▃▃▃
29   1.05   1.07   1.23   1.27 ▃▃▃▁▇
30   0.85   1      1.13   1.24 ▇▇▇▇▇
31   1.12   1.23   1.44   1.55 ▆▇▃▃▇
32   1.45   1.64   1.66   1.87 ▇▂▇▂▅
33   1.27   1.3    1.45   1.57 ▃▇▁▃▃
34   1.15   1.2    1.36   1.61 ▇▁▂▁▂
35   1.41   1.43   1.52   1.74 ▇▃▃▁▃
36 178    202    203    210    ▂▁▂▁▇
37 125    161    199    237    ▇▃▁▃▃
38 159    171    206    235    ▅▇▁▃▂
39 185    218    237.   289    ▇▂▇▂▅
40 186    197    227    230    ▇▃▁▁▇
41 186    188    198    231    ▇▂▁▁▂
42 191    205    215    260    ▇▇▁▁▃
43  12.7   15.5   15.5   15.7  ▂▂▁▁▇
44   7      9     13     14    ▇▃▁▁▇
45  11.7   13.5   14.6   18.1  ▆▅▇▁▅
46  13.8   16.3   18.6   22.8  ▇▂▇▅▂
47  15.8   16.1   18.4   18.5  ▃▁▇▁▇
48  13.2   13.6   13.7   15.8  ▂▇▁▁▂
49  15     15.4   16.8   18.6  ▇▁▂▁▂
50  16.7   16.7   17.5   18    ▃▁▇▁▇
51  13.4   13.8   13.8   15    ▇▇▁▁▃
52  13.4   15.3   16.2   16.6  ▃▅▃▅▇
53  13.6   14.2   14.6   15.4  ▂▇▅▇▂
54  16.8   16.9   17.3   17.4  ▂▁▁▂▇
55  13.2   14.3   14.8   15.1  ▇▁▁▃▇
56  15     15     15.3   16.8  ▃▁▇▃▃
57   3.7    4      5.7    6.7  ▃▇▁▃▃
58   3.4    3.4    4.4    4.8  ▃▇▁▃▃
59   4.2    4.6    5.7    7.6  ▂▇▅▇▂
60   6.02   6.25   7      8.1  ▂▁▇▆▃
61   5.6    6.1    6.3    6.9  ▃▁▃▇▃
62   3.2    3.9    5.6    5.9  ▇▃▁▁▇
63   5.1    5.3    7.5    7.5  ▇▁▁▁▅
> #create validation set
> validation <- createDataPartition(data$Maps,p=0.50,list=FALSE)
> validation50 <-data[-validation,]
> data<-data[validation,]
> view(data)
> #input and output
> x<-data[,3:8]
> view(x)
> y<-data[,9]
> view(y)
> #plots
> library(caret)
> plot(x)
> #scatter plot
> library(caret)
> featurePlot(x=x,y=y)
Warning messages:
1: In order(as.numeric(x)) : NAs introduced by coercion
2: In diff(as.numeric(x[ord])) : NAs introduced by coercion
3: In order(as.numeric(x)) : NAs introduced by coercion
4: In diff(as.numeric(x[ord])) : NAs introduced by coercion
5: In (function (x, y, type = "p", groups = NULL, pch = if (is.null(groups)) plot.symbol$pch else superpose.symbol$pch,  :
  NAs introduced by coercion
6: In (function (x, y, type = "p", groups = NULL, pch = if (is.null(groups)) plot.symbol$pch else superpose.symbol$pch,  :
  NAs introduced by coercion
> install.packages("ellipse")
WARNING: Rtools is required to build R packages but is not currently installed. Please download and install the appropriate version of Rtools before proceeding:

https://cran.rstudio.com/bin/windows/Rtools/
Installing package into ‘C:/Users/INCHARA/Documents/R/win-library/4.1’
(as ‘lib’ is unspecified)
trying URL 'https://cran.rstudio.com/bin/windows/contrib/4.1/ellipse_0.4.2.zip'
Content type 'application/zip' length 72044 bytes (70 KB)
downloaded 70 KB

package ‘ellipse’ successfully unpacked and MD5 sums checked

The downloaded binary packages are in
	C:\Users\INCHARA\AppData\Local\Temp\RtmpKQ9zfp\downloaded_packages
> library(ellipse)

Attaching package: ‘ellipse’

The following object is masked from ‘package:graphics’:

    pairs

> library(caret)
> featurePlot(x=x,y=y,plot ="ellipse")
NULL
> #box plots
> library(caret)
> featurePlot(x=x,y=y,plot="box")
NULL
> #density plot
> scales<-list(x=list(relation="free"),y=list(relation="free"))
> #density plot
> scales<-list(x=list(relation="free"),y=list(relation="free"))
> scales<-list(x=list(relation="free"),y=list(relation="free"))
> featurePlot(x=x,y=y,plot = "density",scales=scales)
NULL
> #barplot
> counts<-table(data$Maps)
> barplot(counts)
> barplot(counts,horiz=TRUE)
> barplot(counts,
+         main="Barplot",xlab="open",legend=rownames(counts),col=c("red","yellow","green"))
> #boxplot
> bwplot(~Maps,data=data,main="boxplots")
> library("caret")
> #High
> bwplot(~Maps|Country,data=data,main="boxplots")
> #hisogram
> install.packages("lattice")
Error in install.packages : Updating loaded packages

Restarting R session...

> library(lattice)
> install.packages("lattice")
Error in install.packages : Updating loaded packages
> histogram(~Maps,data = data,main="histogram")

Restarting R session...

> install.packages("lattice")
WARNING: Rtools is required to build R packages but is not currently installed. Please download and install the appropriate version of Rtools before proceeding:

https://cran.rstudio.com/bin/windows/Rtools/
Installing package into ‘C:/Users/INCHARA/Documents/R/win-library/4.1’
(as ‘lib’ is unspecified)
trying URL 'https://cran.rstudio.com/bin/windows/contrib/4.1/lattice_0.20-44.zip'
Content type 'application/zip' length 1182219 bytes (1.1 MB)
downloaded 1.1 MB

package ‘lattice’ successfully unpacked and MD5 sums checked

The downloaded binary packages are in
	C:\Users\INCHARA\AppData\Local\Temp\RtmpiGWV8s\downloaded_packages
Warning message:
In valid.charjust(just) : reached elapsed time limit
> histogram(~CustomerID,data = data,main="histogram")
Error in histogram(~CustomerID, data = data, main = "histogram") : 
  could not find function "histogram"
> histogram(~K,data = data,main="histogram")
Error in histogram(~K, data = data, main = "histogram") : 
  could not find function "histogram"
> histogram(~KD,data = data,main="histogram")
Error in histogram(~KD, data = data, main = "histogram") : 
  could not find function "histogram"
> #hisogram
> install.packages("lattice")
WARNING: Rtools is required to build R packages but is not currently installed. Please download and install the appropriate version of Rtools before proceeding:

https://cran.rstudio.com/bin/windows/Rtools/
Installing package into ‘C:/Users/INCHARA/Documents/R/win-library/4.1’
(as ‘lib’ is unspecified)
trying URL 'https://cran.rstudio.com/bin/windows/contrib/4.1/lattice_0.20-44.zip'
Content type 'application/zip' length 1182219 bytes (1.1 MB)
downloaded 1.1 MB

package ‘lattice’ successfully unpacked and MD5 sums checked

The downloaded binary packages are in
	C:\Users\INCHARA\AppData\Local\Temp\RtmpiGWV8s\downloaded_packages
> library(lattice)
> histogram(~Maps,data = data,main="histogram")
> histogram(~KD,data = data,main="histogram")
> histogram(~Maps,data = data,main="histogram")
> histogram(~KD,data = data,main="histogram")
> #scatter
> xyplot(Maps~KD,data=data,main="Scatterplot")
> #barchart
> barchart(~Maps,data=data,main="Barchart")
> barchart(~KD,data=data,main="Barchart")
> #densityplot
> densityplot(~Maps,data=data)
> densityplot(~KD,data=data)
> #piechart
> install.packages("plotrix")
WARNING: Rtools is required to build R packages but is not currently installed. Please download and install the appropriate version of Rtools before proceeding:

https://cran.rstudio.com/bin/windows/Rtools/
Installing package into ‘C:/Users/INCHARA/Documents/R/win-library/4.1’
(as ‘lib’ is unspecified)
trying URL 'https://cran.rstudio.com/bin/windows/contrib/4.1/plotrix_3.8-1.zip'
Content type 'application/zip' length 1138090 bytes (1.1 MB)
downloaded 1.1 MB

package ‘plotrix’ successfully unpacked and MD5 sums checked

The downloaded binary packages are in
	C:\Users\INCHARA\AppData\Local\Temp\RtmpiGWV8s\downloaded_packages
> library(plotrix)
> slices<-c("Maps")
> lbls<-c("KD")
> pie(slices,labels=lbls,main="Piecharts")
Error in pie(slices, labels = lbls, main = "Piecharts") : 
  'x' values must be positive.
> #ggplot
> library(ggplot2)
> library(grid)
> library(gridExtra)
Error in library(gridExtra) : there is no package called ‘gridExtra’
> detach("package:grid", unload = TRUE)
Warning message:
‘grid’ namespace cannot be unloaded:
  namespace ‘grid’ is imported by ‘ggplot2’, ‘gtable’, ‘lattice’ so cannot be unloaded 
> ggplot(data=data,mapping=aes(x=Maps,y=KD))+geom_boxplot(notch = TRUE,outlier.colour = "green",outlier.size = 3)
Warning message:
Continuous x aesthetic -- did you forget aes(group=...)? 
> ggplot(data=data,mapping=aes(x=Maps,y=KD))+geom_boxplot(notch = TRUE,outlier.colour = "green",outlier.size = 3)
Warning message:
Continuous x aesthetic -- did you forget aes(group=...)? 
> #modify
> ggplot(data=data,mapping=aes(x=Maps,y=Maps,colour=KD))+geom_point()+facet_grid(~Maps)
> 


